Towards end of Banafsh in 3 station(s)
12:35
1478
