Towards end of Ghermez in 1 station(s)
12:13
1000
