Towards end of Soorati in 2 station(s)
12:24
1302
